// Jest Snapshot v1, https://goo.gl/fbAQLP

exports[`Pruebas en <SearchScreen/> debe de mostrarse correctamente con valores por defecto 1`] = `
<MemoryRouter
  initialEntries={
    Array [
      "/search",
    ]
  }
>
  <Router
    history={
      Object {
        "action": "POP",
        "block": [Function],
        "canGo": [Function],
        "createHref": [Function],
        "entries": Array [
          Object {
            "hash": "",
            "key": "utnng8",
            "pathname": "/search",
            "search": "",
            "state": undefined,
          },
        ],
        "go": [Function],
        "goBack": [Function],
        "goForward": [Function],
        "index": 0,
        "length": 1,
        "listen": [Function],
        "location": Object {
          "hash": "",
          "key": "utnng8",
          "pathname": "/search",
          "search": "",
          "state": undefined,
        },
        "push": [Function],
        "replace": [Function],
      }
    }
  >
    <Route
      component={[Function]}
      path="/search"
    >
      <SearchScreen
        history={
          Object {
            "action": "POP",
            "block": [Function],
            "canGo": [Function],
            "createHref": [Function],
            "entries": Array [
              Object {
                "hash": "",
                "key": "utnng8",
                "pathname": "/search",
                "search": "",
                "state": undefined,
              },
            ],
            "go": [Function],
            "goBack": [Function],
            "goForward": [Function],
            "index": 0,
            "length": 1,
            "listen": [Function],
            "location": Object {
              "hash": "",
              "key": "utnng8",
              "pathname": "/search",
              "search": "",
              "state": undefined,
            },
            "push": [Function],
            "replace": [Function],
          }
        }
        location={
          Object {
            "hash": "",
            "key": "utnng8",
            "pathname": "/search",
            "search": "",
            "state": undefined,
          }
        }
        match={
          Object {
            "isExact": true,
            "params": Object {},
            "path": "/search",
            "url": "/search",
          }
        }
      >
        <div>
          <h1>
            Search Screen
          </h1>
          <hr />
          <div
            className="row"
          >
            <div
              className="col-5"
            >
              <h4>
                Search Form
              </h4>
              <hr />
              <form
                onSubmit={[Function]}
              >
                <input
                  autoComplete="off"
                  className="form-control"
                  name="searchText"
                  onChange={[Function]}
                  placeholder="Find your hero"
                  type="text"
                  value=""
                />
                <button
                  className="btn m-1 btn-block btn-outline-primary"
                  type="submit"
                >
                  Search
                </button>
              </form>
            </div>
            <div
              className="col-7"
            >
              <h4>
                Results
              </h4>
              <hr />
              <div
                className="alert alert-info"
              >
                Search a hero
              </div>
            </div>
          </div>
        </div>
      </SearchScreen>
    </Route>
  </Router>
</MemoryRouter>
`;
