// Jest Snapshot v1, https://goo.gl/fbAQLP

exports[`Pruebas en <CounterApp /> debe mostrar <CounterApp /> correctamente 1`] = `
<Fragment>
  <h1>
    CounterApp
  </h1>
  <h2>
    0
  </h2>
  <button
    id="minus"
    onClick={[Function]}
  >
    -1
  </button>
  <button
    id="reset"
    onClick={[Function]}
  >
    RESET
  </button>
  <button
    id="plus"
    onClick={[Function]}
  >
    +1
  </button>
</Fragment>
`;
