// Jest Snapshot v1, https://goo.gl/fbAQLP

exports[`Pruebas en GifExpertApp debe mostrar correctamente 1`] = `
<Fragment>
  <h2>
    GifExpertApp
  </h2>
  <AddCategory
    setCategories={[Function]}
  />
  <hr />
  <ol>
    <GifGrid
      category="One Piece"
      key="One Piece"
    />
    <GifGrid
      category="Kenichi"
      key="Kenichi"
    />
  </ol>
</Fragment>
`;
