// Jest Snapshot v1, https://goo.gl/fbAQLP

exports[`Pruebas en GifGridItem debe mostrar el componente correctamente 1`] = `
<div
  className="card animate__bounceOut"
>
  <img
    alt="Titulo"
    src="https://"
  />
  <p>
    Titulo
  </p>
</div>
`;
