// Jest Snapshot v1, https://goo.gl/fbAQLP

exports[`Pruebas en GifGrid debe mostrar el componente correctamente 1`] = `
<Fragment>
  <h3>
    One Piece
  </h3>
  <p>
    Loading
  </p>
  <div
    className="card-grid"
  />
</Fragment>
`;
